// Jest Snapshot v1, https://goo.gl/fbAQLP

exports[`Calendar 1`] = `
<div
  className="atcalendar"
>
  <div
    className="atcalendar__choosen"
  >
    <div
      className="atcalendar__choosen__icon"
    />
    <div
      className="atcalendar__choosen__date"
    >
      <span>
        October
         
        2019
        , 
        Sun
         
        13
      </span>
    </div>
  </div>
  <div
    className="atcalendar__head"
  >
    <button
      className="atcalendar__head__prev-month"
      disabled={false}
      onClick={[Function]}
    />
    <div
      className="atcalendar__head__center"
    >
      <div
        className="atcalendar__head__center__date"
      >
        <span
          className="clickable"
          onClick={[Function]}
        >
          October
        </span>
        <span
          className="clickable"
          onClick={[Function]}
        >
          2019
        </span>
      </div>
    </div>
    <button
      className="atcalendar__head__next-month"
      disabled={false}
      onClick={[Function]}
    />
  </div>
  <ul
    className="atcalendar__week-days"
  >
    <li
      className="atcalendar__week-days__item"
    >
      Sun
    </li>
    <li
      className="atcalendar__week-days__item"
    >
      Mon
    </li>
    <li
      className="atcalendar__week-days__item"
    >
      Tue
    </li>
    <li
      className="atcalendar__week-days__item"
    >
      Wed
    </li>
    <li
      className="atcalendar__week-days__item"
    >
      Thu
    </li>
    <li
      className="atcalendar__week-days__item"
    >
      Fri
    </li>
    <li
      className="atcalendar__week-days__item"
    >
      Sat
    </li>
  </ul>
  <ul
    className="atcalendar__dates"
  >
    <li
      className="atcalendar__dates__item empty"
    />
    <li
      className="atcalendar__dates__item empty"
    />
    <li
      className="atcalendar__dates__item"
      onClick={[Function]}
    >
      1
    </li>
    <li
      className="atcalendar__dates__item"
      onClick={[Function]}
    >
      2
    </li>
    <li
      className="atcalendar__dates__item"
      onClick={[Function]}
    >
      3
    </li>
    <li
      className="atcalendar__dates__item"
      onClick={[Function]}
    >
      4
    </li>
    <li
      className="atcalendar__dates__item"
      onClick={[Function]}
    >
      5
    </li>
    <li
      className="atcalendar__dates__item"
      onClick={[Function]}
    >
      6
    </li>
    <li
      className="atcalendar__dates__item"
      onClick={[Function]}
    >
      7
    </li>
    <li
      className="atcalendar__dates__item"
      onClick={[Function]}
    >
      8
    </li>
    <li
      className="atcalendar__dates__item"
      onClick={[Function]}
    >
      9
    </li>
    <li
      className="atcalendar__dates__item"
      onClick={[Function]}
    >
      10
    </li>
    <li
      className="atcalendar__dates__item"
      onClick={[Function]}
    >
      11
    </li>
    <li
      className="atcalendar__dates__item"
      onClick={[Function]}
    >
      12
    </li>
    <li
      className="atcalendar__dates__item choosen"
      onClick={[Function]}
    >
      13
    </li>
    <li
      className="atcalendar__dates__item"
      onClick={[Function]}
    >
      14
    </li>
    <li
      className="atcalendar__dates__item"
      onClick={[Function]}
    >
      15
    </li>
    <li
      className="atcalendar__dates__item"
      onClick={[Function]}
    >
      16
    </li>
    <li
      className="atcalendar__dates__item"
      onClick={[Function]}
    >
      17
    </li>
    <li
      className="atcalendar__dates__item"
      onClick={[Function]}
    >
      18
    </li>
    <li
      className="atcalendar__dates__item"
      onClick={[Function]}
    >
      19
    </li>
    <li
      className="atcalendar__dates__item"
      onClick={[Function]}
    >
      20
    </li>
    <li
      className="atcalendar__dates__item"
      onClick={[Function]}
    >
      21
    </li>
    <li
      className="atcalendar__dates__item"
      onClick={[Function]}
    >
      22
    </li>
    <li
      className="atcalendar__dates__item"
      onClick={[Function]}
    >
      23
    </li>
    <li
      className="atcalendar__dates__item"
      onClick={[Function]}
    >
      24
    </li>
    <li
      className="atcalendar__dates__item"
      onClick={[Function]}
    >
      25
    </li>
    <li
      className="atcalendar__dates__item"
      onClick={[Function]}
    >
      26
    </li>
    <li
      className="atcalendar__dates__item"
      onClick={[Function]}
    >
      27
    </li>
    <li
      className="atcalendar__dates__item"
      onClick={[Function]}
    >
      28
    </li>
    <li
      className="atcalendar__dates__item"
      onClick={[Function]}
    >
      29
    </li>
    <li
      className="atcalendar__dates__item"
      onClick={[Function]}
    >
      30
    </li>
    <li
      className="atcalendar__dates__item"
      onClick={[Function]}
    >
      31
    </li>
    <li
      className="atcalendar__dates__item empty"
    />
    <li
      className="atcalendar__dates__item empty"
    />
    <li
      className="atcalendar__dates__item empty"
    />
    <li
      className="atcalendar__dates__item empty"
    />
    <li
      className="atcalendar__dates__item empty"
    />
    <li
      className="atcalendar__dates__item empty"
    />
    <li
      className="atcalendar__dates__item empty"
    />
    <li
      className="atcalendar__dates__item empty"
    />
    <li
      className="atcalendar__dates__item empty"
    />
  </ul>
</div>
`;

exports[`Calendar 2`] = `
<div
  className="atcalendar"
>
  <div
    className="atcalendar__choosen"
  >
    <div
      className="atcalendar__choosen__icon"
    />
    <div
      className="atcalendar__choosen__date"
    >
      <span>
        October
         
        2019
        , 
        Sun
         
        13
      </span>
    </div>
  </div>
  <div
    className="atcalendar__head"
  >
    <button
      className="atcalendar__head__prev-month"
      disabled={true}
      onClick={[Function]}
    />
    <div
      className="atcalendar__head__center"
    >
      <div
        className="atcalendar__head__center__month"
      >
        <span
          onClick={[Function]}
        >
          2019
        </span>
      </div>
    </div>
    <button
      className="atcalendar__head__next-month"
      disabled={true}
      onClick={[Function]}
    />
  </div>
  <ul
    className="atcalendar__months"
  >
    <li
      className="atcalendar__months__item"
      onClick={[Function]}
    >
      January
      <sup
        className="atcalendar__months__item__number-of-month"
      >
         
        01
      </sup>
    </li>
    <li
      className="atcalendar__months__item"
      onClick={[Function]}
    >
      February
      <sup
        className="atcalendar__months__item__number-of-month"
      >
         
        02
      </sup>
    </li>
    <li
      className="atcalendar__months__item"
      onClick={[Function]}
    >
      March
      <sup
        className="atcalendar__months__item__number-of-month"
      >
         
        03
      </sup>
    </li>
    <li
      className="atcalendar__months__item"
      onClick={[Function]}
    >
      April
      <sup
        className="atcalendar__months__item__number-of-month"
      >
         
        04
      </sup>
    </li>
    <li
      className="atcalendar__months__item"
      onClick={[Function]}
    >
      May
      <sup
        className="atcalendar__months__item__number-of-month"
      >
         
        05
      </sup>
    </li>
    <li
      className="atcalendar__months__item"
      onClick={[Function]}
    >
      June
      <sup
        className="atcalendar__months__item__number-of-month"
      >
         
        06
      </sup>
    </li>
    <li
      className="atcalendar__months__item"
      onClick={[Function]}
    >
      July
      <sup
        className="atcalendar__months__item__number-of-month"
      >
         
        07
      </sup>
    </li>
    <li
      className="atcalendar__months__item"
      onClick={[Function]}
    >
      August
      <sup
        className="atcalendar__months__item__number-of-month"
      >
         
        08
      </sup>
    </li>
    <li
      className="atcalendar__months__item"
      onClick={[Function]}
    >
      September
      <sup
        className="atcalendar__months__item__number-of-month"
      >
         
        09
      </sup>
    </li>
    <li
      className="atcalendar__months__item"
      onClick={[Function]}
    >
      October
      <sup
        className="atcalendar__months__item__number-of-month"
      >
         
        10
      </sup>
    </li>
    <li
      className="atcalendar__months__item"
      onClick={[Function]}
    >
      November
      <sup
        className="atcalendar__months__item__number-of-month"
      >
         
        11
      </sup>
    </li>
    <li
      className="atcalendar__months__item"
      onClick={[Function]}
    >
      December
      <sup
        className="atcalendar__months__item__number-of-month"
      >
         
        12
      </sup>
    </li>
  </ul>
</div>
`;

exports[`Calendar 3`] = `
<div
  className="atcalendar"
>
  <div
    className="atcalendar__choosen"
  >
    <div
      className="atcalendar__choosen__icon"
    />
    <div
      className="atcalendar__choosen__date"
    >
      <span>
        October
         
        2019
        , 
        Sun
         
        13
      </span>
    </div>
  </div>
  <div
    className="atcalendar__head"
  >
    <button
      className="atcalendar__head__prev-month"
      disabled={false}
      onClick={[Function]}
    />
    <div
      className="atcalendar__head__center"
    >
      <div
        className="atcalendar__head__center__year"
      >
        <span>
          Choose year
        </span>
      </div>
    </div>
    <button
      className="atcalendar__head__next-month"
      disabled={false}
      onClick={[Function]}
    />
  </div>
  <ul
    className="atcalendar__years"
  >
    <li
      className="atcalendar__years__item"
      onClick={[Function]}
    >
      2000
    </li>
    <li
      className="atcalendar__years__item"
      onClick={[Function]}
    >
      2001
    </li>
    <li
      className="atcalendar__years__item"
      onClick={[Function]}
    >
      2002
    </li>
    <li
      className="atcalendar__years__item"
      onClick={[Function]}
    >
      2003
    </li>
    <li
      className="atcalendar__years__item"
      onClick={[Function]}
    >
      2004
    </li>
    <li
      className="atcalendar__years__item"
      onClick={[Function]}
    >
      2005
    </li>
    <li
      className="atcalendar__years__item"
      onClick={[Function]}
    >
      2006
    </li>
    <li
      className="atcalendar__years__item"
      onClick={[Function]}
    >
      2007
    </li>
    <li
      className="atcalendar__years__item"
      onClick={[Function]}
    >
      2008
    </li>
    <li
      className="atcalendar__years__item"
      onClick={[Function]}
    >
      2009
    </li>
    <li
      className="atcalendar__years__item"
      onClick={[Function]}
    >
      2010
    </li>
    <li
      className="atcalendar__years__item"
      onClick={[Function]}
    >
      2011
    </li>
    <li
      className="atcalendar__years__item"
      onClick={[Function]}
    >
      2012
    </li>
    <li
      className="atcalendar__years__item"
      onClick={[Function]}
    >
      2013
    </li>
    <li
      className="atcalendar__years__item"
      onClick={[Function]}
    >
      2014
    </li>
    <li
      className="atcalendar__years__item"
      onClick={[Function]}
    >
      2015
    </li>
    <li
      className="atcalendar__years__item"
      onClick={[Function]}
    >
      2016
    </li>
    <li
      className="atcalendar__years__item"
      onClick={[Function]}
    >
      2017
    </li>
    <li
      className="atcalendar__years__item"
      onClick={[Function]}
    >
      2018
    </li>
    <li
      className="atcalendar__years__item"
      onClick={[Function]}
    >
      2019
    </li>
  </ul>
</div>
`;

exports[`Calendar 4`] = `
<div
  className="atcalendar"
>
  <div
    className="atcalendar__choosen"
  >
    <div
      className="atcalendar__choosen__icon"
    />
    <div
      className="atcalendar__choosen__date"
    >
      <span>
        October
         
        2017
        , 
        Fri
         
        13
      </span>
    </div>
  </div>
  <div
    className="atcalendar__head"
  >
    <button
      className="atcalendar__head__prev-month"
      disabled={true}
      onClick={[Function]}
    />
    <div
      className="atcalendar__head__center"
    >
      <div
        className="atcalendar__head__center__month"
      >
        <span
          onClick={[Function]}
        >
          2017
        </span>
      </div>
    </div>
    <button
      className="atcalendar__head__next-month"
      disabled={true}
      onClick={[Function]}
    />
  </div>
  <ul
    className="atcalendar__months"
  >
    <li
      className="atcalendar__months__item"
      onClick={[Function]}
    >
      January
      <sup
        className="atcalendar__months__item__number-of-month"
      >
         
        01
      </sup>
    </li>
    <li
      className="atcalendar__months__item"
      onClick={[Function]}
    >
      February
      <sup
        className="atcalendar__months__item__number-of-month"
      >
         
        02
      </sup>
    </li>
    <li
      className="atcalendar__months__item"
      onClick={[Function]}
    >
      March
      <sup
        className="atcalendar__months__item__number-of-month"
      >
         
        03
      </sup>
    </li>
    <li
      className="atcalendar__months__item"
      onClick={[Function]}
    >
      April
      <sup
        className="atcalendar__months__item__number-of-month"
      >
         
        04
      </sup>
    </li>
    <li
      className="atcalendar__months__item"
      onClick={[Function]}
    >
      May
      <sup
        className="atcalendar__months__item__number-of-month"
      >
         
        05
      </sup>
    </li>
    <li
      className="atcalendar__months__item"
      onClick={[Function]}
    >
      June
      <sup
        className="atcalendar__months__item__number-of-month"
      >
         
        06
      </sup>
    </li>
    <li
      className="atcalendar__months__item"
      onClick={[Function]}
    >
      July
      <sup
        className="atcalendar__months__item__number-of-month"
      >
         
        07
      </sup>
    </li>
    <li
      className="atcalendar__months__item"
      onClick={[Function]}
    >
      August
      <sup
        className="atcalendar__months__item__number-of-month"
      >
         
        08
      </sup>
    </li>
    <li
      className="atcalendar__months__item"
      onClick={[Function]}
    >
      September
      <sup
        className="atcalendar__months__item__number-of-month"
      >
         
        09
      </sup>
    </li>
    <li
      className="atcalendar__months__item"
      onClick={[Function]}
    >
      October
      <sup
        className="atcalendar__months__item__number-of-month"
      >
         
        10
      </sup>
    </li>
    <li
      className="atcalendar__months__item"
      onClick={[Function]}
    >
      November
      <sup
        className="atcalendar__months__item__number-of-month"
      >
         
        11
      </sup>
    </li>
    <li
      className="atcalendar__months__item"
      onClick={[Function]}
    >
      December
      <sup
        className="atcalendar__months__item__number-of-month"
      >
         
        12
      </sup>
    </li>
  </ul>
</div>
`;

exports[`Calendar 5`] = `
<div
  className="atcalendar"
>
  <div
    className="atcalendar__choosen"
  >
    <div
      className="atcalendar__choosen__icon"
    />
    <div
      className="atcalendar__choosen__date"
    >
      <span>
        December
         
        2017
        , 
        Wed
         
        13
      </span>
    </div>
  </div>
  <div
    className="atcalendar__head"
  >
    <button
      className="atcalendar__head__prev-month"
      disabled={false}
      onClick={[Function]}
    />
    <div
      className="atcalendar__head__center"
    >
      <div
        className="atcalendar__head__center__date"
      >
        <span
          className="clickable"
          onClick={[Function]}
        >
          December
        </span>
        <span
          className="clickable"
          onClick={[Function]}
        >
          2017
        </span>
      </div>
    </div>
    <button
      className="atcalendar__head__next-month"
      disabled={false}
      onClick={[Function]}
    />
  </div>
  <ul
    className="atcalendar__week-days"
  >
    <li
      className="atcalendar__week-days__item"
    >
      Sun
    </li>
    <li
      className="atcalendar__week-days__item"
    >
      Mon
    </li>
    <li
      className="atcalendar__week-days__item"
    >
      Tue
    </li>
    <li
      className="atcalendar__week-days__item"
    >
      Wed
    </li>
    <li
      className="atcalendar__week-days__item"
    >
      Thu
    </li>
    <li
      className="atcalendar__week-days__item"
    >
      Fri
    </li>
    <li
      className="atcalendar__week-days__item"
    >
      Sat
    </li>
  </ul>
  <ul
    className="atcalendar__dates"
  >
    <li
      className="atcalendar__dates__item empty"
    />
    <li
      className="atcalendar__dates__item empty"
    />
    <li
      className="atcalendar__dates__item empty"
    />
    <li
      className="atcalendar__dates__item empty"
    />
    <li
      className="atcalendar__dates__item empty"
    />
    <li
      className="atcalendar__dates__item"
      onClick={[Function]}
    >
      1
    </li>
    <li
      className="atcalendar__dates__item"
      onClick={[Function]}
    >
      2
    </li>
    <li
      className="atcalendar__dates__item"
      onClick={[Function]}
    >
      3
    </li>
    <li
      className="atcalendar__dates__item"
      onClick={[Function]}
    >
      4
    </li>
    <li
      className="atcalendar__dates__item"
      onClick={[Function]}
    >
      5
    </li>
    <li
      className="atcalendar__dates__item"
      onClick={[Function]}
    >
      6
    </li>
    <li
      className="atcalendar__dates__item"
      onClick={[Function]}
    >
      7
    </li>
    <li
      className="atcalendar__dates__item"
      onClick={[Function]}
    >
      8
    </li>
    <li
      className="atcalendar__dates__item"
      onClick={[Function]}
    >
      9
    </li>
    <li
      className="atcalendar__dates__item"
      onClick={[Function]}
    >
      10
    </li>
    <li
      className="atcalendar__dates__item"
      onClick={[Function]}
    >
      11
    </li>
    <li
      className="atcalendar__dates__item"
      onClick={[Function]}
    >
      12
    </li>
    <li
      className="atcalendar__dates__item choosen"
      onClick={[Function]}
    >
      13
    </li>
    <li
      className="atcalendar__dates__item"
      onClick={[Function]}
    >
      14
    </li>
    <li
      className="atcalendar__dates__item"
      onClick={[Function]}
    >
      15
    </li>
    <li
      className="atcalendar__dates__item"
      onClick={[Function]}
    >
      16
    </li>
    <li
      className="atcalendar__dates__item"
      onClick={[Function]}
    >
      17
    </li>
    <li
      className="atcalendar__dates__item"
      onClick={[Function]}
    >
      18
    </li>
    <li
      className="atcalendar__dates__item"
      onClick={[Function]}
    >
      19
    </li>
    <li
      className="atcalendar__dates__item"
      onClick={[Function]}
    >
      20
    </li>
    <li
      className="atcalendar__dates__item"
      onClick={[Function]}
    >
      21
    </li>
    <li
      className="atcalendar__dates__item"
      onClick={[Function]}
    >
      22
    </li>
    <li
      className="atcalendar__dates__item"
      onClick={[Function]}
    >
      23
    </li>
    <li
      className="atcalendar__dates__item"
      onClick={[Function]}
    >
      24
    </li>
    <li
      className="atcalendar__dates__item"
      onClick={[Function]}
    >
      25
    </li>
    <li
      className="atcalendar__dates__item"
      onClick={[Function]}
    >
      26
    </li>
    <li
      className="atcalendar__dates__item"
      onClick={[Function]}
    >
      27
    </li>
    <li
      className="atcalendar__dates__item"
      onClick={[Function]}
    >
      28
    </li>
    <li
      className="atcalendar__dates__item"
      onClick={[Function]}
    >
      29
    </li>
    <li
      className="atcalendar__dates__item"
      onClick={[Function]}
    >
      30
    </li>
    <li
      className="atcalendar__dates__item"
      onClick={[Function]}
    >
      31
    </li>
    <li
      className="atcalendar__dates__item empty"
    />
    <li
      className="atcalendar__dates__item empty"
    />
    <li
      className="atcalendar__dates__item empty"
    />
    <li
      className="atcalendar__dates__item empty"
    />
    <li
      className="atcalendar__dates__item empty"
    />
    <li
      className="atcalendar__dates__item empty"
    />
  </ul>
</div>
`;

exports[`Calendar 6`] = `
<div
  className="atcalendar"
>
  <div
    className="atcalendar__choosen"
  >
    <div
      className="atcalendar__choosen__icon"
    />
    <div
      className="atcalendar__choosen__date"
    >
      <span>
        November
         
        2013
        , 
        Mon
         
        25
      </span>
    </div>
  </div>
  <div
    className="atcalendar__head"
  >
    <button
      className="atcalendar__head__prev-month"
      disabled={false}
      onClick={[Function]}
    />
    <div
      className="atcalendar__head__center"
    >
      <div
        className="atcalendar__head__center__date"
      >
        <span
          className="clickable"
          onClick={[Function]}
        >
          November
        </span>
        <span
          className="clickable"
          onClick={[Function]}
        >
          2013
        </span>
      </div>
    </div>
    <button
      className="atcalendar__head__next-month"
      disabled={false}
      onClick={[Function]}
    />
  </div>
  <ul
    className="atcalendar__week-days"
  >
    <li
      className="atcalendar__week-days__item"
    >
      Sun
    </li>
    <li
      className="atcalendar__week-days__item"
    >
      Mon
    </li>
    <li
      className="atcalendar__week-days__item"
    >
      Tue
    </li>
    <li
      className="atcalendar__week-days__item"
    >
      Wed
    </li>
    <li
      className="atcalendar__week-days__item"
    >
      Thu
    </li>
    <li
      className="atcalendar__week-days__item"
    >
      Fri
    </li>
    <li
      className="atcalendar__week-days__item"
    >
      Sat
    </li>
  </ul>
  <ul
    className="atcalendar__dates"
  >
    <li
      className="atcalendar__dates__item empty"
    />
    <li
      className="atcalendar__dates__item empty"
    />
    <li
      className="atcalendar__dates__item empty"
    />
    <li
      className="atcalendar__dates__item empty"
    />
    <li
      className="atcalendar__dates__item empty"
    />
    <li
      className="atcalendar__dates__item"
      onClick={[Function]}
    >
      1
    </li>
    <li
      className="atcalendar__dates__item"
      onClick={[Function]}
    >
      2
    </li>
    <li
      className="atcalendar__dates__item"
      onClick={[Function]}
    >
      3
    </li>
    <li
      className="atcalendar__dates__item"
      onClick={[Function]}
    >
      4
    </li>
    <li
      className="atcalendar__dates__item"
      onClick={[Function]}
    >
      5
    </li>
    <li
      className="atcalendar__dates__item"
      onClick={[Function]}
    >
      6
    </li>
    <li
      className="atcalendar__dates__item"
      onClick={[Function]}
    >
      7
    </li>
    <li
      className="atcalendar__dates__item"
      onClick={[Function]}
    >
      8
    </li>
    <li
      className="atcalendar__dates__item"
      onClick={[Function]}
    >
      9
    </li>
    <li
      className="atcalendar__dates__item"
      onClick={[Function]}
    >
      10
    </li>
    <li
      className="atcalendar__dates__item"
      onClick={[Function]}
    >
      11
    </li>
    <li
      className="atcalendar__dates__item"
      onClick={[Function]}
    >
      12
    </li>
    <li
      className="atcalendar__dates__item"
      onClick={[Function]}
    >
      13
    </li>
    <li
      className="atcalendar__dates__item"
      onClick={[Function]}
    >
      14
    </li>
    <li
      className="atcalendar__dates__item"
      onClick={[Function]}
    >
      15
    </li>
    <li
      className="atcalendar__dates__item"
      onClick={[Function]}
    >
      16
    </li>
    <li
      className="atcalendar__dates__item"
      onClick={[Function]}
    >
      17
    </li>
    <li
      className="atcalendar__dates__item"
      onClick={[Function]}
    >
      18
    </li>
    <li
      className="atcalendar__dates__item"
      onClick={[Function]}
    >
      19
    </li>
    <li
      className="atcalendar__dates__item"
      onClick={[Function]}
    >
      20
    </li>
    <li
      className="atcalendar__dates__item"
      onClick={[Function]}
    >
      21
    </li>
    <li
      className="atcalendar__dates__item"
      onClick={[Function]}
    >
      22
    </li>
    <li
      className="atcalendar__dates__item"
      onClick={[Function]}
    >
      23
    </li>
    <li
      className="atcalendar__dates__item"
      onClick={[Function]}
    >
      24
    </li>
    <li
      className="atcalendar__dates__item choosen"
      onClick={[Function]}
    >
      25
    </li>
    <li
      className="atcalendar__dates__item"
      onClick={[Function]}
    >
      26
    </li>
    <li
      className="atcalendar__dates__item"
      onClick={[Function]}
    >
      27
    </li>
    <li
      className="atcalendar__dates__item"
      onClick={[Function]}
    >
      28
    </li>
    <li
      className="atcalendar__dates__item"
      onClick={[Function]}
    >
      29
    </li>
    <li
      className="atcalendar__dates__item"
      onClick={[Function]}
    >
      30
    </li>
    <li
      className="atcalendar__dates__item empty"
    />
    <li
      className="atcalendar__dates__item empty"
    />
    <li
      className="atcalendar__dates__item empty"
    />
    <li
      className="atcalendar__dates__item empty"
    />
    <li
      className="atcalendar__dates__item empty"
    />
    <li
      className="atcalendar__dates__item empty"
    />
    <li
      className="atcalendar__dates__item empty"
    />
  </ul>
</div>
`;
